Field used when set in implicit message:
  input: defaultIfNotSet("default",field)
  context: field -> "non_default"
  result: "non_default" 
Default used when implicit message doesn't include field:
  input: defaultIfNotSet("default",field)
  context: a_different_field -> "non_default"
  result: "default" 
